[1 4 9 16 25 36 49 64 81 100]
[1.1 2.2 3.3 4.4 5.5 6.6 7.7 8.8 9.9 11]
