[[1 2] [2 4] [3 6]]
[[]]
[[1 2] [2 4] [3 6]]
[[1 2 1 2 3 4 5] [2 4 2 4 6 8 10] [3 6 3 6 9 12 15]]
