[[1 2 3] [2 4 6] [3 6 9]]
[[-1 -2 -3] [-2 -4 -6] [-3 -6 -9]]
[[-14 -28 -42] [-28 -56 -84] [-42 -84 -126]]
