[[1 2] [2 4] [3 6] [4 8]]
[[-1 -2 -3 -4] [-2 -4 -6 -8]]
[[-5 -10 -15 -20] [-10 -20 -30 -40] [-15 -30 -45 -60] [-20 -40 -60 -80]]
[[-30 -60] [-60 -120]]
