[-43 778 1 4 7876 321 4567 88 11 2 3 4 -2 -321 3 1 -3213 1 55 55]
[-3213 -321 -43 -2 1 1 1 2 3 3 4 4 11 55 55 88 321 778 4567 7876]
