[[1 2] [3 4]]
[[1 2] [16 4]]
[[a b] [c d]]
[[a b] [n d]]
[[1.2 3.4e-05] [10 9]]
[[1.2 3.4e-05] [5.3 9]]
