[1 2 3]
[1 17 3]
[a b c]
[a n c]
[1.2 3.4e-05 2]
[1.2 4.3 2]
