1
2
3
88
2
1
12
8
1.1
4000
1.234e-05
109.77
32.5
The cat said "Meow!"
That was a good day.
