[1 2]
[1 2]
[1 2]
[-1 0 1 2]
[-1 0 1 2]
[-1 0 1 2]
[-1 0 1 2]
[-3 -2]
[-3 -2]
[-3 -2]
[-3 -2]
[-13]
[3 4 5]
T
