[1 2]
2
[0.114 950]
2
[b }]
2
[33 -321]
[33.114 629]
[33 -321 0 0 0]
[8 -80]
[-80 8]
[b } d]
[2 66]
2
[1.1 2.3]
2
[d h]
2
