[13 14 15 16 17 18 19]
[11 12 13 14 15 16 17]
[-68 -67 -66 -65 -64 -63 -62 -61 -60 -59 -58 -57 -56 -55 -54 -53 -52 -51 -50 -49 -48 -47 -46 -45 -44]
[-17 -16 -15 -14 -13 -12 -11]
