[[0.909091 0.909091 0.909091] [0.206612 0.206612 0.206612] [0.0278265 0.0278265 0.0278265]]
