1.0000001.2000001000.0000001200.0000001000.0000000.200000200.0000000.001230