The cat said "Meow!"
That was a good day.
`1234567890-=~!@#$%^&*()_+qwertyuiop[]QWERTYUIOP{}|asdfghjkl;'ASDFGHJKLzxcvbnm,./ZXCVBNM<>?
"
\
'
