100000.000000
1.000000
11.000000
205.000000
116.000000
