11.000000
9.0000003.000000
12.0000000.000000
-25.00000025.000000
