T-58a-97.000000TTT:a97-971-581.000000-58.00000097.000000-97.000000
