[[1 2 3] [1 2 3] [1 2 3]]
[[2 3 4] [1 2 0] [0 0 0]]
[[2 3 4] [2 3 4] [2 3 4]]
[[3 5 7] [2 4 3] [1 2 3]]
