1	58
1.000000	58
T	:
1	58
T	58.000000
	1
1.000000	T
1	1.000000
	1
