[]
[0.65]
[-0.333333 -0.5 -0.348837]
[-1.95226e+09]
