[0 1 2 3]
[1 1.5 2 3]
strings
[T F T F]
[a b c d]
[1 2 3 4]
[1.5 2 3 4.4]
[g s t r i n g]
[F T F T]
[b c d e]
