[[R S T U V] [S T U V W] [T U V W X] [U V W X Y] [V W X Y Z]]