[[0 0 0 0 0] [0 0 0 0 0] [1.05 2.1 3.15 4.2 5.25001] [1.05 2.1 3.15 4.2 5.25001] [1.05 2.1 3.15 4.2 5.25001]]